---
source: tests/requests/cache.rs
expression: "(response.text(), response.status_code())"
---
(
    "{\"value\":null}",
    200,
)
