---
source: tests/requests/auth.rs
expression: "(response.status_code(), response.text())"
---
(
    200,
    "{\"token\":\"TOKEN\",\"user\":{\"pid\":\"PID\",\"email\":\"test@loco.com\",\"name\":\"loco\",\"last_login\":\"n/a\"}}",
)
