---
source: tests/requests/cache.rs
expression: "(response.text(), response.status_code())"
---
(
    "{\"value\":\"loco cache value\"}",
    200,
)
