---
source: tests/requests/view_engine.rs
expression: "(response.status_code(), response.text())"
---
(
    200,
    "Loco website",
)
