---
source: src/doctor.rs
expression: run_all(&config).await
---
{
    SeaOrmCLI: Check {
        status: Ok,
        message: "SeaORM CLI is installed",
        description: None,
    },
    Database: Check {
        status: Ok,
        message: "DB connection: success",
        description: None,
    },
    Redis: Check {
        status: NotConfigure,
        message: "Redis not configure",
        description: None,
    },
}
